198.54.120.79 - - [17/Nov/2024:10:48:45 -0500] "POST /wp-cron.php?doing_wp_cron=1731858525.9458110332489013671875 HTTP/1.1" 200 0 "-" "WordPress/6.7; https://snowboard-ai.com"
40.77.167.144 - - [17/Nov/2024:10:48:44 -0500] "GET /sitemap.xml HTTP/1.1" 301 0 "-" "Mozilla/5.0 AppleWebKit/537.36 (KHTML, like Gecko; compatible; bingbot/2.0; +http://www.bing.com/bingbot.htm) Chrome/116.0.1938.76 Safari/537.36"
198.54.120.79 - - [17/Nov/2024:10:48:46 -0500] "POST /wp-admin/admin-ajax.php?action=async_litespeed&nonce=Vg1mvVK8hNOfqCEgX8ksdolYU8qbBxuC&litespeed_type=imgoptm HTTP/1.1" 200 21 "-" "WordPress/6.7; https://snowboard-ai.com"
40.77.167.144 - - [17/Nov/2024:10:48:46 -0500] "GET /wp-sitemap.xml HTTP/1.1" 200 193 "-" "Mozilla/5.0 AppleWebKit/537.36 (KHTML, like Gecko; compatible; bingbot/2.0; +http://www.bing.com/bingbot.htm) Chrome/116.0.1938.76 Safari/537.36"
198.54.120.79 - - [17/Nov/2024:11:28:22 -0500] "POST /wp-cron.php?doing_wp_cron=1731860902.8925740718841552734375 HTTP/1.1" 200 0 "-" "WordPress/6.7; https://snowboard-ai.com"
198.54.120.79 - - [17/Nov/2024:11:28:23 -0500] "POST /wp-admin/admin-ajax.php?action=async_litespeed&nonce=oEjXhW7ZHzWuPSuiNWrDutY1FQqowFXl&litespeed_type=imgoptm HTTP/1.1" 200 21 "-" "WordPress/6.7; https://snowboard-ai.com"
119.59.120.43 - - [17/Nov/2024:11:28:21 -0500] "POST /xmlrpc.php HTTP/1.1" 200 403 "-" "Mozilla/5.0 (iPod; CPU iPhone OS 14_6 like Mac OS X) AppleWebKit/605.1.15 (KHTML, like Gecko) CriOS/91.0.4472.80 Mobile/15E148 Safari/604.1"
198.54.120.79 - - [17/Nov/2024:11:58:09 -0500] "POST /wp-admin/admin-ajax.php?action=async_litespeed&nonce=seIEIX6Ejcy6rR9ssjCJl2hNbFFEXAV1&litespeed_type=imgoptm HTTP/1.1" 200 21 "-" "WordPress/6.7; https://snowboard-ai.com"
198.54.120.79 - - [17/Nov/2024:11:58:09 -0500] "POST /wp-cron.php?doing_wp_cron=1731862689.3298680782318115234375 HTTP/1.1" 200 0 "-" "WordPress/6.7; https://snowboard-ai.com"
45.88.91.104 - - [17/Nov/2024:11:58:08 -0500] "GET /wp-content/plugins/really-simple-ssl/readme.txt HTTP/1.1" 404 9643 "-" "Mozilla/5.0 (iPhone; CPU iPhone OS 17_2 like Mac OS X) AppleWebKit/605.1.15 (KHTML, like Gecko) Version/17.2 Mobile/15E148 Safari/604.1"
198.54.120.79 - - [17/Nov/2024:12:18:00 -0500] "POST /wp-cron.php?doing_wp_cron=1731863880.3718390464782714843750 HTTP/1.1" 200 0 "-" "WordPress/6.7; https://snowboard-ai.com"
198.54.120.79 - - [17/Nov/2024:12:18:00 -0500] "POST /wp-admin/admin-ajax.php?action=async_litespeed&nonce=T0vov6JcrYNaVE6fJUmsSMqvVQrLLNqF&litespeed_type=imgoptm HTTP/1.1" 200 21 "-" "WordPress/6.7; https://snowboard-ai.com"
20.93.116.60 - - [17/Nov/2024:12:17:59 -0500] "POST /xmlrpc.php HTTP/1.1" 200 212 "-" "Mozilla/5.0 (Windows NT 10.0; Win64; x64; rv:83.0) Gecko/20100101 Firefox/83.0"
185.147.125.24 - - [17/Nov/2024:14:52:13 -0500] "GET / HTTP/1.0" 200 53876 "https://snowboard-ai.com/" "Mozilla/5.0 (Windows NT 10.0.0; Win64; x64; ) AppleWebKit/537.36 (KHTML, like Gecko) Chrome/124.0.6367.62 Chrome/124.0.6367.62 Not-A.Brand/99  Safari/537.36"
66.249.73.202 - - [17/Nov/2024:15:27:06 -0500] "GET /robots.txt HTTP/1.1" 200 99 "-" "Mozilla/5.0 (compatible; Googlebot/2.1; +http://www.google.com/bot.html)"
66.249.73.203 - - [17/Nov/2024:15:27:06 -0500] "GET /index.php HTTP/1.1" 301 0 "-" "Mozilla/5.0 (Linux; Android 6.0.1; Nexus 5X Build/MMB29P) AppleWebKit/537.36 (KHTML, like Gecko) Chrome/131.0.6778.69 Mobile Safari/537.36 (compatible; Googlebot/2.1; +http://www.google.com/bot.html)"
66.249.73.203 - - [17/Nov/2024:15:27:08 -0500] "GET / HTTP/1.1" 200 9938 "-" "Mozilla/5.0 (Linux; Android 6.0.1; Nexus 5X Build/MMB29P) AppleWebKit/537.36 (KHTML, like Gecko) Chrome/131.0.6778.69 Mobile Safari/537.36 (compatible; Googlebot/2.1; +http://www.google.com/bot.html)"
66.249.73.201 - - [17/Nov/2024:15:27:10 -0500] "GET /wp-content/plugins/paid-memberships-pro/css/frontend/base.css?ver=3.2.2 HTTP/1.1" 200 2925 "https://snowboard-ai.com/" "Mozilla/5.0 (Linux; Android 6.0.1; Nexus 5X Build/MMB29P) AppleWebKit/537.36 (KHTML, like Gecko) Chrome/130.0.6723.116 Mobile Safari/537.36 (compatible; Googlebot/2.1; +http://www.google.com/bot.html)"
66.249.73.201 - - [17/Nov/2024:15:27:11 -0500] "GET /wp-content/themes/memberlite/js/memberlite.js?ver=5.2.1 HTTP/1.1" 200 948 "https://snowboard-ai.com/" "Mozilla/5.0 (Linux; Android 6.0.1; Nexus 5X Build/MMB29P) AppleWebKit/537.36 (KHTML, like Gecko) Chrome/130.0.6723.116 Mobile Safari/537.36 (compatible; Googlebot/2.1; +http://www.google.com/bot.html)"
66.249.73.201 - - [17/Nov/2024:15:27:12 -0500] "GET /wp-content/plugins/paid-memberships-pro/css/frontend/variation_1.css?ver=3.2.2 HTTP/1.1" 200 3679 "https://snowboard-ai.com/" "Mozilla/5.0 (Linux; Android 6.0.1; Nexus 5X Build/MMB29P) AppleWebKit/537.36 (KHTML, like Gecko) Chrome/130.0.6723.116 Mobile Safari/537.36 (compatible; Googlebot/2.1; +http://www.google.com/bot.html)"
66.249.73.202 - - [17/Nov/2024:15:27:12 -0500] "GET /wp-content/themes/memberlite/css/grid.css?ver=5.2.1 HTTP/1.1" 200 1321 "https://snowboard-ai.com/" "Mozilla/5.0 (Linux; Android 6.0.1; Nexus 5X Build/MMB29P) AppleWebKit/537.36 (KHTML, like Gecko) Chrome/130.0.6723.116 Mobile Safari/537.36 (compatible; Googlebot/2.1; +http://www.google.com/bot.html)"
66.249.73.201 - - [17/Nov/2024:15:27:12 -0500] "GET /wp-includes/css/dist/block-library/style.min.css?ver=6.7 HTTP/1.1" 200 14225 "https://snowboard-ai.com/" "Mozilla/5.0 (Linux; Android 6.0.1; Nexus 5X Build/MMB29P) AppleWebKit/537.36 (KHTML, like Gecko) Chrome/130.0.6723.116 Mobile Safari/537.36 (compatible; Googlebot/2.1; +http://www.google.com/bot.html)"
66.249.73.201 - - [17/Nov/2024:15:27:13 -0500] "GET /wp-content/plugins/elementor/assets/lib/font-awesome/css/font-awesome.min.css?ver=4.7.0 HTTP/1.1" 200 6657 "https://snowboard-ai.com/" "Mozilla/5.0 (Linux; Android 6.0.1; Nexus 5X Build/MMB29P) AppleWebKit/537.36 (KHTML, like Gecko) Chrome/130.0.6723.116 Mobile Safari/537.36 (compatible; Googlebot/2.1; +http://www.google.com/bot.html)"
66.249.73.201 - - [17/Nov/2024:15:27:14 -0500] "GET /wp-content/themes/memberlite/style.css?ver=5.2.1 HTTP/1.1" 200 14098 "https://snowboard-ai.com/" "Mozilla/5.0 (Linux; Android 6.0.1; Nexus 5X Build/MMB29P) AppleWebKit/537.36 (KHTML, like Gecko) Chrome/130.0.6723.116 Mobile Safari/537.36 (compatible; Googlebot/2.1; +http://www.google.com/bot.html)"
198.54.120.79 - - [17/Nov/2024:15:27:08 -0500] "POST /wp-cron.php?doing_wp_cron=1731875228.3459899425506591796875 HTTP/1.1" 200 0 "-" "WordPress/6.7; https://snowboard-ai.com"
198.54.120.79 - - [17/Nov/2024:15:27:08 -0500] "POST /wp-admin/admin-ajax.php?action=async_litespeed&nonce=Tr0jwJq5BUIL3qTAFHAFP1PbTg1BXOPZ&litespeed_type=imgoptm HTTP/1.1" 200 21 "-" "WordPress/6.7; https://snowboard-ai.com"
66.249.73.202 - - [17/Nov/2024:15:27:10 -0500] "GET /wp-includes/js/jquery/jquery-migrate.min.js?ver=3.4.1 HTTP/1.1" 200 4678 "https://snowboard-ai.com/" "Mozilla/5.0 (Linux; Android 6.0.1; Nexus 5X Build/MMB29P) AppleWebKit/537.36 (KHTML, like Gecko) Chrome/130.0.6723.116 Mobile Safari/537.36 (compatible; Googlebot/2.1; +http://www.google.com/bot.html)"
66.249.73.201 - - [17/Nov/2024:15:27:11 -0500] "GET /wp-content/themes/memberlite/css/editor.css?ver=5.2.1 HTTP/1.1" 200 35 "https://snowboard-ai.com/" "Mozilla/5.0 (Linux; Android 6.0.1; Nexus 5X Build/MMB29P) AppleWebKit/537.36 (KHTML, like Gecko) Chrome/130.0.6723.116 Mobile Safari/537.36 (compatible; Googlebot/2.1; +http://www.google.com/bot.html)"
66.249.73.201 - - [17/Nov/2024:15:27:14 -0500] "GET /wp-includes/js/jquery/jquery.min.js?ver=3.7.1 HTTP/1.1" 200 29744 "https://snowboard-ai.com/" "Mozilla/5.0 (Linux; Android 6.0.1; Nexus 5X Build/MMB29P) AppleWebKit/537.36 (KHTML, like Gecko) Chrome/130.0.6723.116 Mobile Safari/537.36 (compatible; Googlebot/2.1; +http://www.google.com/bot.html)"
66.249.73.201 - - [17/Nov/2024:15:27:14 -0500] "GET /wp-content/themes/memberlite/css/print.css?ver=5.2.1 HTTP/1.1" 200 495 "https://snowboard-ai.com/" "Mozilla/5.0 (Linux; Android 6.0.1; Nexus 5X Build/MMB29P) AppleWebKit/537.36 (KHTML, like Gecko) Chrome/130.0.6723.116 Mobile Safari/537.36 (compatible; Googlebot/2.1; +http://www.google.com/bot.html)"
80.85.245.241 - - [17/Nov/2024:18:58:09 -0500] "GET /comments/feed/ HTTP/1.1" 200 755 "-" "Mozilla/5.0 (Windows NT 10.0; Win64; x64) AppleWebKit/537.36 (KHTML, like Gecko) Chrome/120.0.0.0 Safari/537.36"
80.85.245.241 - - [17/Nov/2024:18:58:10 -0500] "GET /wp-login.php?action=register HTTP/1.1" 302 0 "-" "Mozilla/5.0 (Windows NT 10.0; Win64; x64) AppleWebKit/537.36 (KHTML, like Gecko) Chrome/120.0.0.0 Safari/537.36"
198.54.120.79 - - [17/Nov/2024:18:58:11 -0500] "POST /wp-admin/admin-ajax.php?action=async_litespeed&nonce=euIgXROSfke8719Q7j2v5e4Q5Cr2bAQl&litespeed_type=imgoptm HTTP/1.1" 200 21 "-" "WordPress/6.7; https://snowboard-ai.com"
80.85.245.241 - - [17/Nov/2024:18:58:12 -0500] "GET /levels/ HTTP/1.1" 200 13097 "https://snowboard-ai.com/wp-login.php?action=register" "Mozilla/5.0 (Windows NT 10.0; Win64; x64) AppleWebKit/537.36 (KHTML, like Gecko) Chrome/120.0.0.0 Safari/537.36"
177.37.166.53 - - [17/Nov/2024:18:58:20 -0500] "POST /checkout/?pmpro_level=1 HTTP/1.1" 200 15372 "-" "Mozilla/5.0 (Windows NT 10.0; Win64; x64) AppleWebKit/537.36 (KHTML, like Gecko) Chrome/120.0.0.0 Safari/537.36"
80.85.245.241 - - [17/Nov/2024:18:58:20 -0500] "GET /checkout/?pmpro_level=2 HTTP/1.1" 200 15432 "-" "Mozilla/5.0 (Windows NT 10.0; Win64; x64) AppleWebKit/537.36 (KHTML, like Gecko) Chrome/120.0.0.0 Safari/537.36"
177.37.166.53 - - [17/Nov/2024:18:58:22 -0500] "POST /checkout/?pmpro_level=2 HTTP/1.1" 200 15502 "-" "Mozilla/5.0 (Windows NT 10.0; Win64; x64) AppleWebKit/537.36 (KHTML, like Gecko) Chrome/120.0.0.0 Safari/537.36"
198.54.120.79 - - [17/Nov/2024:18:53:21 -0500] "GET / HTTP/1.1" 200 53876 "-" "Mozilla/5.0 (Windows NT 10.0; Win64; x64; rv:122.0) Gecko/20100101 Firefox/122.0"
80.85.245.241 - - [17/Nov/2024:18:58:09 -0500] "GET / HTTP/1.1" 200 11401 "-" "Mozilla/5.0 (Windows NT 10.0; Win64; x64) AppleWebKit/537.36 (KHTML, like Gecko) Chrome/120.0.0.0 Safari/537.36"
198.54.120.79 - - [17/Nov/2024:18:58:11 -0500] "POST /wp-cron.php?doing_wp_cron=1731887891.8257610797882080078125 HTTP/1.1" 200 0 "-" "WordPress/6.7; https://snowboard-ai.com"
198.54.120.79 - - [17/Nov/2024:18:58:13 -0500] "GET / HTTP/1.1" 200 11401 "-" "WordPress/6.7; https://snowboard-ai.com"
80.85.245.241 - - [17/Nov/2024:18:58:13 -0500] "GET /checkout/?pmpro_level=1 HTTP/1.1" 200 15422 "-" "Mozilla/5.0 (Windows NT 10.0; Win64; x64) AppleWebKit/537.36 (KHTML, like Gecko) Chrome/120.0.0.0 Safari/537.36"
177.37.166.53 - - [17/Nov/2024:18:58:18 -0500] "POST /checkout/?pmpro_level=1 HTTP/1.1" 200 15498 "-" "Mozilla/5.0 (Windows NT 10.0; Win64; x64) AppleWebKit/537.36 (KHTML, like Gecko) Chrome/120.0.0.0 Safari/537.36"
177.37.166.53 - - [17/Nov/2024:18:58:24 -0500] "POST /checkout/?pmpro_level=2 HTTP/1.1" 200 15382 "-" "Mozilla/5.0 (Windows NT 10.0; Win64; x64) AppleWebKit/537.36 (KHTML, like Gecko) Chrome/120.0.0.0 Safari/537.36"
80.85.245.241 - - [17/Nov/2024:18:58:25 -0500] "GET /checkout/?pmpro_level=3 HTTP/1.1" 200 15434 "-" "Mozilla/5.0 (Windows NT 10.0; Win64; x64) AppleWebKit/537.36 (KHTML, like Gecko) Chrome/120.0.0.0 Safari/537.36"
198.54.120.79 - - [17/Nov/2024:18:58:28 -0500] "POST /wp-cron.php?doing_wp_cron=1731887908.4844779968261718750000 HTTP/1.1" 200 0 "-" "WordPress/6.7; https://snowboard-ai.com"
177.37.166.53 - - [17/Nov/2024:18:58:28 -0500] "POST /checkout/?pmpro_level=3 HTTP/1.1" 200 15509 "-" "Mozilla/5.0 (Windows NT 10.0; Win64; x64) AppleWebKit/537.36 (KHTML, like Gecko) Chrome/120.0.0.0 Safari/537.36"
198.54.120.79 - - [17/Nov/2024:18:58:28 -0500] "POST /wp-admin/admin-ajax.php?action=async_litespeed&nonce=z7H95Bcn8cOaYjcwF5D636IQNq995DLx&litespeed_type=imgoptm HTTP/1.1" 200 21 "-" "WordPress/6.7; https://snowboard-ai.com"
177.37.166.53 - - [17/Nov/2024:18:58:32 -0500] "POST /checkout/?pmpro_level=3 HTTP/1.1" 200 15383 "-" "Mozilla/5.0 (Windows NT 10.0; Win64; x64) AppleWebKit/537.36 (KHTML, like Gecko) Chrome/120.0.0.0 Safari/537.36"
51.222.253.8 - - [17/Nov/2024:19:16:14 -0500] "GET /robots.txt HTTP/1.1" 200 99 "-" "Mozilla/5.0 (compatible; AhrefsBot/7.0; +http://ahrefs.com/robot/)"
51.222.253.5 - - [17/Nov/2024:19:16:15 -0500] "GET / HTTP/1.1" 200 9938 "-" "Mozilla/5.0 (compatible; AhrefsBot/7.0; +http://ahrefs.com/robot/)"
